// Jest Snapshot v1, https://goo.gl/fbAQLP

exports[`Testando styled do SearchBarInput 1`] = `
<div
  className="MuiInputBase-root-14 MuiOutlinedInput-root-1 sc-bdVaJa dmGsiR"
  onClick={[Function]}
>
  <fieldset
    aria-hidden={true}
    className="MuiPrivateNotchedOutline-root-31 MuiOutlinedInput-notchedOutline-8"
    style={
      Object {
        "paddingLeft": 8,
      }
    }
  >
    <legend
      className="MuiPrivateNotchedOutline-legend-32"
      style={
        Object {
          "width": 0.01,
        }
      }
    >
      <span
        dangerouslySetInnerHTML={
          Object {
            "__html": "&#8203;",
          }
        }
      />
    </legend>
  </fieldset>
  <input
    className="MuiInputBase-input-24 MuiOutlinedInput-input-9"
    onBlur={[Function]}
    onChange={[Function]}
    onFocus={[Function]}
    type="text"
  />
</div>
`;

exports[`Testando styled do SearchIconCustom 1`] = `
<svg
  aria-hidden="true"
  className="MuiSvgIcon-root-33 sc-bwzfXH llBMfO"
  focusable="false"
  role="presentation"
  viewBox="0 0 24 24"
>
  <path
    d="M15.5 14h-.79l-.28-.27C15.41 12.59 16 11.11 16 9.5 16 5.91 13.09 3 9.5 3S3 5.91 3 9.5 5.91 16 9.5 16c1.61 0 3.09-.59 4.23-1.57l.27.28v.79l5 4.99L20.49 19l-4.99-5zm-6 0C7.01 14 5 11.99 5 9.5S7.01 5 9.5 5 14 7.01 14 9.5 11.99 14 9.5 14z"
  />
</svg>
`;
