// Jest Snapshot v1, https://goo.gl/fbAQLP

exports[`Testando styled do FooterWrapper 1`] = `
<div
  className="sc-bdVaJa jNmOWe"
/>
`;
